components/sections/Blog.tsx(51,69): error TS2339: Property 'description' does not exist on type 'never'.
components/sections/Footer.tsx(37,108): error TS2339: Property 'name' does not exist on type '{ email: string; }'.
components/sections/Footer.tsx(76,30): error TS2339: Property 'name' does not exist on type '{ email: string; }'.
components/sections/Resume.tsx(36,30): error TS2339: Property 'resumeDirectDownload' does not exist on type '{ email: string; }'.
components/sections/Resume.tsx(43,30): error TS2339: Property 'resumeDriveView' does not exist on type '{ email: string; }'.
components/three/CanvasLayer.tsx(21,29): error TS2322: Type '{ children: Element[]; disableNormalPass: true; }' is not assignable to type 'IntrinsicAttributes & Omit<EffectComposerProps & RefAttributes<unknown>, "ref"> & { ref?: ((instance: unknown) => void | (() => VoidOrUndefinedOnly)) | RefObject<...> | null | undefined; }'.
  Property 'disableNormalPass' does not exist on type 'IntrinsicAttributes & Omit<EffectComposerProps & RefAttributes<unknown>, "ref"> & { ref?: ((instance: unknown) => void | (() => VoidOrUndefinedOnly)) | RefObject<...> | null | undefined; }'. Did you mean 'enableNormalPass'?
components/ui/Loader.tsx(121,25): error TS2339: Property 'name' does not exist on type '{ email: string; }'.
components/ui/Navbar.tsx(6,10): error TS2305: Module '"@/lib/constants"' has no exported member 'NAV_LINKS'.
components/ui/Navbar.tsx(28,37): error TS7006: Parameter 'l' implicitly has an 'any' type.
components/ui/Navbar.tsx(40,23): error TS7006: Parameter 'id' implicitly has an 'any' type.
components/ui/Navbar.tsx(70,25): error TS2339: Property 'monogram' does not exist on type '{ email: string; }'.
components/ui/Navbar.tsx(80,29): error TS7006: Parameter 'link' implicitly has an 'any' type.
components/ui/Navbar.tsx(140,33): error TS7006: Parameter 'link' implicitly has an 'any' type.
components/ui/Navbar.tsx(140,39): error TS7006: Parameter 'i' implicitly has an 'any' type.
components/ui/ProjectExpanded.tsx(65,30): error TS18048: 'luluProject.badge' is possibly 'undefined'.
